Archive member included because of file (symbol)

/home/moslevin/mark3-source/embedded/stage/lib/avr/atmega1284p/gcc/libmark3.a(driver.cpp.o)
                              ./obj/avr/atmega1284p/gcc/bsp_uarts.cpp.o (_ZN10DriverList14m_clDriverListE)
/home/moslevin/mark3-source/embedded/stage/lib/avr/atmega1284p/gcc/libmark3.a(ll.cpp.o)
                              ./obj/avr/atmega1284p/gcc/bsp_uarts.cpp.o (_ZN14DoubleLinkList3AddEP12LinkListNode)
/home/moslevin/mark3-source/embedded/stage/lib/avr/atmega1284p/gcc/libmark3.a(scheduler.cpp.o)
                              ./obj/avr/atmega1284p/gcc/bsp_rtc.cpp.o (_ZN9Scheduler12SetSchedulerEb)
/home/moslevin/mark3-source/embedded/stage/lib/avr/atmega1284p/gcc/libmark3.a(ksemaphore.cpp.o)
                              ./obj/avr/atmega1284p/gcc/main.cpp.o (_ZN9SemaphoreD1Ev)
/home/moslevin/mark3-source/embedded/stage/lib/avr/atmega1284p/gcc/libmark3.a(thread.cpp.o)
                              ./obj/avr/atmega1284p/gcc/main.cpp.o (_ZN6ThreadD1Ev)
/home/moslevin/mark3-source/embedded/stage/lib/avr/atmega1284p/gcc/libmark3.a(threadlist.cpp.o)
                              /home/moslevin/mark3-source/embedded/stage/lib/avr/atmega1284p/gcc/libmark3.a(scheduler.cpp.o) (_ZN10ThreadList11SetPriorityEh)
/home/moslevin/mark3-source/embedded/stage/lib/avr/atmega1284p/gcc/libmark3.a(kernel.cpp.o)
                              ./obj/avr/atmega1284p/gcc/main.cpp.o (_ZN6Kernel4InitEv)
/home/moslevin/mark3-source/embedded/stage/lib/avr/atmega1284p/gcc/libmark3.a(timer.cpp.o)
                              /home/moslevin/mark3-source/embedded/stage/lib/avr/atmega1284p/gcc/libmark3.a(ksemaphore.cpp.o) (_ZN5Timer4StopEv)
/home/moslevin/mark3-source/embedded/stage/lib/avr/atmega1284p/gcc/libmark3.a(timerlist.cpp.o)
                              /home/moslevin/mark3-source/embedded/stage/lib/avr/atmega1284p/gcc/libmark3.a(kernel.cpp.o) (_ZN9TimerList4InitEv)
/home/moslevin/mark3-source/embedded/stage/lib/avr/atmega1284p/gcc/libmark3.a(tracebuffer.cpp.o)
                              /home/moslevin/mark3-source/embedded/stage/lib/avr/atmega1284p/gcc/libmark3.a(kernel.cpp.o) (_ZN11TraceBuffer4InitEv)
/home/moslevin/mark3-source/embedded/stage/lib/avr/atmega1284p/gcc/libmark3.a(threadport.cpp.o)
                              /home/moslevin/mark3-source/embedded/stage/lib/avr/atmega1284p/gcc/libmark3.a(thread.cpp.o) (_ZN10ThreadPort9InitStackEP6Thread)
/home/moslevin/mark3-source/embedded/stage/lib/avr/atmega1284p/gcc/libmark3.a(kernelswi.cpp.o)
                              /home/moslevin/mark3-source/embedded/stage/lib/avr/atmega1284p/gcc/libmark3.a(threadport.cpp.o) (_ZN9KernelSWI6ConfigEv)
/home/moslevin/mark3-source/embedded/stage/lib/avr/atmega1284p/gcc/libmark3.a(kerneltimer.cpp.o)
                              /home/moslevin/mark3-source/embedded/stage/lib/avr/atmega1284p/gcc/libmark3.a(threadport.cpp.o) (_ZN11KernelTimer6ConfigEv)
/home/moslevin/mark3-source/embedded/stage/lib/avr/atmega1284p/gcc/libmark3.a(kernelprofile.cpp.o)
                              /home/moslevin/mark3-source/embedded/stage/lib/avr/atmega1284p/gcc/libmark3.a(kernel.cpp.o) (_ZN8Profiler4InitEv)
/home/moslevin/mark3-source/embedded/stage/lib/avr/atmega1284p/gcc/libmark3.a(blocking.cpp.o)
                              /home/moslevin/mark3-source/embedded/stage/lib/avr/atmega1284p/gcc/libmark3.a(ksemaphore.cpp.o) (_ZN14BlockingObject13BlockPriorityEP6Thread)
/home/moslevin/mark3-source/embedded/stage/lib/avr/atmega1284p/gcc/libmark3.a(message.cpp.o)
                              /home/moslevin/mark3-source/embedded/stage/lib/avr/atmega1284p/gcc/libmark3.a(kernel.cpp.o) (_ZN17GlobalMessagePool4InitEv)
/home/moslevin/mark3-source/embedded/stage/lib/avr/atmega1284p/gcc/libmark3.a(priomap.cpp.o)
                              /home/moslevin/mark3-source/embedded/stage/lib/avr/atmega1284p/gcc/libmark3.a(scheduler.cpp.o) (_ZN11PriorityMapC1Ev)
/home/moslevin/mark3-source/embedded/stage/lib/avr/atmega1284p/gcc/libmark3.a(quantum.cpp.o)
                              /home/moslevin/mark3-source/embedded/stage/lib/avr/atmega1284p/gcc/libmark3.a(thread.cpp.o) (_ZN7Quantum9AddThreadEP6Thread)
/home/moslevin/mark3-source/embedded/stage/lib/avr/atmega1284p/gcc/libdrvUART.a(drvUART.cpp.o)
                              ./obj/avr/atmega1284p/gcc/bsp_uarts.cpp.o (_ZN10ATMegaUART4OpenEv)
/home/moslevin/mark3-source/embedded/stage/lib/avr/atmega1284p/gcc/librtc.a(rtc.cpp.o)
                              ./obj/avr/atmega1284p/gcc/bsp_rtc.cpp.o (_ZN3RTC4InitEm)
/home/moslevin/mark3-source/embedded/stage/lib/avr/atmega1284p/gcc/libmemutil.a(memutil.cpp.o)
                              ./obj/avr/atmega1284p/gcc/main.cpp.o (_ZN7MemUtil15DecimalToStringEhPc)
/home/moslevin/mark3-source/embedded/stage/lib/avr/atmega1284p/gcc/libheap.a(arena.cpp.o)
                              ./obj/avr/atmega1284p/gcc/bsp_heap.cpp.o (_ZN5Arena4InitEPvjPjh)
/home/moslevin/mark3-source/embedded/stage/lib/avr/atmega1284p/gcc/libheap.a(heapblock.cpp.o)
[...]
Memory Configuration

Name             Origin             Length             Attributes
text             0x0000000000000000 0x0000000000020000 xr
data             0x0000000000800100 0x000000000000ff00 rw !x
eeprom           0x0000000000810000 0x0000000000010000 rw !x
fuse             0x0000000000820000 0x0000000000000400 rw !x
lock             0x0000000000830000 0x0000000000000400 rw !x
signature        0x0000000000840000 0x0000000000000400 rw !x
user_signatures  0x0000000000850000 0x0000000000000400 rw !x
*default*        0x0000000000000000 0xffffffffffffffff

Linker script and memory map

Address of section .data set to 0x800100
LOAD /usr/lib/gcc/avr/4.8.2/../../../avr/lib/avr51/crtm1284p.o
START GROUP
LOAD /usr/lib/gcc/avr/4.8.2/../../../avr/lib/avr51/libm.a
END GROUP
LOAD ./obj/avr/atmega1284p/gcc/main.cpp.o
LOAD ./obj/avr/atmega1284p/gcc/nlfs_eeprom.cpp.o
LOAD ./obj/avr/atmega1284p/gcc/led.cpp.o
LOAD ./obj/avr/atmega1284p/gcc/button.cpp.o
LOAD ./obj/avr/atmega1284p/gcc/bsp_buttons.cpp.o
LOAD ./obj/avr/atmega1284p/gcc/bsp_heap.cpp.o
LOAD ./obj/avr/atmega1284p/gcc/bsp_leds.cpp.o
LOAD ./obj/avr/atmega1284p/gcc/bsp_rtc.cpp.o
LOAD ./obj/avr/atmega1284p/gcc/bsp_tracelogger.cpp.o
LOAD ./obj/avr/atmega1284p/gcc/bsp_uarts.cpp.o
LOAD /home/moslevin/mark3-source/embedded/stage/lib/avr/atmega1284p/gcc/libmark3.a
LOAD /home/moslevin/mark3-source/embedded/stage/lib/avr/atmega1284p/gcc/libdrvUART.a
LOAD /home/moslevin/mark3-source/embedded/stage/lib/avr/atmega1284p/gcc/librtc.a
LOAD /home/moslevin/mark3-source/embedded/stage/lib/avr/atmega1284p/gcc/libmemutil.a
LOAD /home/moslevin/mark3-source/embedded/stage/lib/avr/atmega1284p/gcc/libnlfs.a
LOAD /home/moslevin/mark3-source/embedded/stage/lib/avr/atmega1284p/gcc/libheap.a
START GROUP
LOAD /usr/lib/gcc/avr/4.8.2/avr51/libgcc.a
LOAD /usr/lib/gcc/avr/4.8.2/../../../avr/lib/avr51/libm.a
LOAD /usr/lib/gcc/avr/4.8.2/../../../avr/lib/avr51/libc.a
END GROUP

.hash
 *(.hash)

.dynsym
 *(.dynsym)

.dynstr
 *(.dynstr)

.gnu.version
 *(.gnu.version)

.gnu.version_d
 *(.gnu.version_d)

.gnu.version_r
 *(.gnu.version_r)

.rel.init
 *(.rel.init)

.rela.init
 *(.rela.init)

.rel.text
 *(.rel.text)
 *(.rel.text.*)
 *(.rel.gnu.linkonce.t*)

.rela.text
 *(.rela.text)
 *(.rela.text.*)
 *(.rela.gnu.linkonce.t*)

.rel.fini
 *(.rel.fini)

.rela.fini
 *(.rela.fini)

.rel.rodata
 *(.rel.rodata)
 *(.rel.rodata.*)
 *(.rel.gnu.linkonce.r*)

.rela.rodata
 *(.rela.rodata)
 *(.rela.rodata.*)
 *(.rela.gnu.linkonce.r*)

.rel.data
 *(.rel.data)
 *(.rel.data.*)
 *(.rel.gnu.linkonce.d*)

.rela.data
 *(.rela.data)
 *(.rela.data.*)
 *(.rela.gnu.linkonce.d*)

.rel.ctors
 *(.rel.ctors)

.rela.ctors
 *(.rela.ctors)

.rel.dtors
 *(.rel.dtors)

.rela.dtors
 *(.rela.dtors)

.rel.got
 *(.rel.got)

.rela.got
 *(.rela.got)

.rel.bss
 *(.rel.bss)

.rela.bss
 *(.rela.bss)

.rel.plt
 *(.rel.plt)

.rela.plt
 *(.rela.plt)

.text           0x0000000000000000     0x2a0a
 *(.vectors)
 .vectors       0x0000000000000000       0x8c /usr/lib/gcc/avr/4.8.2/../../../avr/lib/avr51/crtm1284p.o
                0x0000000000000000                __vectors
                0x0000000000000000                __vector_default
 *(.vectors)
 *(.progmem.gcc*)
 .progmem.gcc_sw_table._ZN10ATMegaUART7ControlEjPvjS0_j
                0x000000000000008c       0x10 /home/moslevin/mark3-source/embedded/stage/lib/avr/atmega1284p/gcc/libdrvUART.a(drvUART.cpp.o)
 *(.progmem*)
                0x000000000000009c                . = ALIGN (0x2)
                0x000000000000009c                __trampolines_start = .
 *(.trampolines)
 .trampolines   0x000000000000009c        0x0 linker stubs
 *(.trampolines*)
                0x000000000000009c                __trampolines_end = .
 *(.jumptables)
 *(.jumptables*)
 *(.lowtext)
 *(.lowtext*)
                0x000000000000009c                __ctors_start = .
 *(.ctors)
 .ctors         0x000000000000009c        0x2 ./obj/avr/atmega1284p/gcc/main.cpp.o
 .ctors         0x000000000000009e        0x2 ./obj/avr/atmega1284p/gcc/bsp_buttons.cpp.o
 .ctors         0x00000000000000a0        0x2 ./obj/avr/atmega1284p/gcc/bsp_tracelogger.cpp.o
 .ctors         0x00000000000000a2        0x2 ./obj/avr/atmega1284p/gcc/bsp_uarts.cpp.o
 .ctors         0x00000000000000a4        0x2 /home/moslevin/mark3-source/embedded/stage/lib/avr/atmega1284p/gcc/libmark3.a(driver.cpp.o)
 .ctors         0x00000000000000a6        0x2 /home/moslevin/mark3-source/embedded/stage/lib/avr/atmega1284p/gcc/libmark3.a(scheduler.cpp.o)
 .ctors         0x00000000000000a8        0x2 /home/moslevin/mark3-source/embedded/stage/lib/avr/atmega1284p/gcc/libmark3.a(timerlist.cpp.o)
 .ctors         0x00000000000000aa        0x2 /home/moslevin/mark3-source/embedded/stage/lib/avr/atmega1284p/gcc/libmark3.a(message.cpp.o)
 .ctors         0x00000000000000ac        0x2 /home/moslevin/mark3-source/embedded/stage/lib/avr/atmega1284p/gcc/libmark3.a(quantum.cpp.o)
                0x00000000000000ae                __ctors_end = .
                0x00000000000000ae                __dtors_start = .
 *(.dtors)
 .dtors         0x00000000000000ae        0x2 ./obj/avr/atmega1284p/gcc/main.cpp.o
 .dtors         0x00000000000000b0        0x2 ./obj/avr/atmega1284p/gcc/bsp_tracelogger.cpp.o
                0x00000000000000b2                __dtors_end = .
 SORT(*)(.ctors)
 SORT(*)(.dtors)
 *(.init0)
 .init0         0x00000000000000b2        0x0 /usr/lib/gcc/avr/4.8.2/../../../avr/lib/avr51/crtm1284p.o
                0x00000000000000b2                __init
 *(.init0)
 *(.init1)
 *(.init1)
 *(.init2)
 .init2         0x00000000000000b2        0xc /usr/lib/gcc/avr/4.8.2/../../../avr/lib/avr51/crtm1284p.o
 *(.init2)
 *(.init3)
 *(.init3)
 *(.init4)
 .init4         0x00000000000000be       0x1a /usr/lib/gcc/avr/4.8.2/avr51/libgcc.a(_copy_data.o)
                0x00000000000000be                __do_copy_data
 .init4         0x00000000000000d8       0x10 /usr/lib/gcc/avr/4.8.2/avr51/libgcc.a(_clear_bss.o)
                0x00000000000000d8                __do_clear_bss
 *(.init4)
 *(.init5)
 *(.init5)
 *(.init6)
 .init6         0x00000000000000e8       0x20 /usr/lib/gcc/avr/4.8.2/avr51/libgcc.a(_ctors.o)
                0x00000000000000e8                __do_global_ctors
 *(.init6)
 *(.init7)
 *(.init7)
 *(.init8)
 *(.init8)
 *(.init9)
 .init9         0x0000000000000108        0x8 /usr/lib/gcc/avr/4.8.2/../../../avr/lib/avr51/crtm1284p.o
 *(.init9)
 *(.text)
 .text          0x0000000000000110        0x4 /usr/lib/gcc/avr/4.8.2/../../../avr/lib/avr51/crtm1284p.o
                0x0000000000000110                __vector_1
                0x0000000000000110                __vector_32
                0x0000000000000110                __vector_34
                0x0000000000000110                __vector_24
                0x0000000000000110                __vector_12
                0x0000000000000110                __bad_interrupt
                0x0000000000000110                __vector_31
                0x0000000000000110                __vector_23
                0x0000000000000110                __vector_25
                0x0000000000000110                __vector_17
                0x0000000000000110                __vector_19
                0x0000000000000110                __vector_7
                0x0000000000000110                __vector_27
                0x0000000000000110                __vector_5
                0x0000000000000110                __vector_33
                0x0000000000000110                __vector_4
                0x0000000000000110                __vector_9
                0x0000000000000110                __vector_2
                0x0000000000000110                __vector_21
                0x0000000000000110                __vector_15
                0x0000000000000110                __vector_29
                0x0000000000000110                __vector_8
                0x0000000000000110                __vector_26
                0x0000000000000110                __vector_14
                0x0000000000000110                __vector_10
                0x0000000000000110                __vector_16
                0x0000000000000114                . = ALIGN (0x2)
 *(.text.*)
 .text._ZL11WriteStringP6DriverPKc
                0x0000000000000114       0x48 ./obj/avr/atmega1284p/gcc/main.cpp.o
 .text._ZL4App5Pv
                0x000000000000015c       0x22 ./obj/avr/atmega1284p/gcc/main.cpp.o
 .text._ZL4App4Pv
                0x000000000000017e       0x66 ./obj/avr/atmega1284p/gcc/main.cpp.o
 .text._ZL4App2Pv
                0x00000000000001e4       0x16 ./obj/avr/atmega1284p/gcc/main.cpp.o
 .text._ZL4App1Pv
                0x00000000000001fa       0x16 ./obj/avr/atmega1284p/gcc/main.cpp.o
 .text._ZL4App3Pv
                0x0000000000000210      0x132 ./obj/avr/atmega1284p/gcc/main.cpp.o
 .text._ZL9OnRTCTickv
                0x0000000000000342        0x8 ./obj/avr/atmega1284p/gcc/main.cpp.o
 .text._Z41__static_initialization_and_destruction_0ii.part.0
                0x000000000000034a       0x30 ./obj/avr/atmega1284p/gcc/main.cpp.o
 .text.startup.main
                0x000000000000037a       0xd0 ./obj/avr/atmega1284p/gcc/main.cpp.o
                0x000000000000037a                main
 .text.startup._GLOBAL__sub_I_main
                0x000000000000044a       0x32 ./obj/avr/atmega1284p/gcc/main.cpp.o
 .text.exit._GLOBAL__sub_D_main
                0x000000000000047c        0x4 ./obj/avr/atmega1284p/gcc/main.cpp.o
 .text._ZN3LED4InitEPVhS1_h
                0x0000000000000480       0x20 ./obj/avr/atmega1284p/gcc/led.cpp.o
                0x0000000000000480                _ZN3LED4InitEPVhS1_h
 .text._ZN3LED6ToggleEv
                0x00000000000004a0       0x22 ./obj/avr/atmega1284p/gcc/led.cpp.o
                0x00000000000004a0                _ZN3LED6ToggleEv
 .text._ZN6Button4InitEPVhS1_h
                0x00000000000004c2       0x24 ./obj/avr/atmega1284p/gcc/button.cpp.o
                0x00000000000004c2                _ZN6Button4InitEPVhS1_h
 .text._ZN6Button9ReadStateEv
                0x00000000000004e6       0x1a ./obj/avr/atmega1284p/gcc/button.cpp.o
                0x00000000000004e6                _ZN6Button9ReadStateEv
 .text._ZL25bsp_button_timer_callbackP6ThreadPv
                0x0000000000000500       0xe4 ./obj/avr/atmega1284p/gcc/bsp_buttons.cpp.o
 .text._Z16bsp_buttons_initv
                0x00000000000005e4       0x4a ./obj/avr/atmega1284p/gcc/bsp_buttons.cpp.o
                0x00000000000005e4                _Z16bsp_buttons_initv
 .text.__vector_6
                0x000000000000062e       0x98 ./obj/avr/atmega1284p/gcc/bsp_buttons.cpp.o
                0x000000000000062e                __vector_6
 .text.startup._GLOBAL__sub_I_clButtons
                0x00000000000006c6        0x6 ./obj/avr/atmega1284p/gcc/bsp_buttons.cpp.o
 .text._Z13bsp_heap_initv
                0x00000000000006cc       0x54 ./obj/avr/atmega1284p/gcc/bsp_heap.cpp.o
                0x00000000000006cc                _Z13bsp_heap_initv
 .text._Z13bsp_leds_initv
                0x0000000000000720       0x36 ./obj/avr/atmega1284p/gcc/bsp_leds.cpp.o
                0x0000000000000720                _Z13bsp_leds_initv
 .text._Z23bsp_rtc_set_on_rtc_tickPFvvE
                0x0000000000000756        0xa ./obj/avr/atmega1284p/gcc/bsp_rtc.cpp.o
                0x0000000000000756                _Z23bsp_rtc_set_on_rtc_tickPFvvE
 .text._Z12bsp_rtc_initv
                0x0000000000000760       0x84 ./obj/avr/atmega1284p/gcc/bsp_rtc.cpp.o
                0x0000000000000760                _Z12bsp_rtc_initv
 .text._Z20bsp_rtc_set_datetimePK10calendar_t
                0x00000000000007e4       0x16 ./obj/avr/atmega1284p/gcc/bsp_rtc.cpp.o
                0x00000000000007e4                _Z20bsp_rtc_set_datetimePK10calendar_t
 .text._Z20bsp_rtc_get_datetimeP10calendar_t
                0x00000000000007fa       0x16 ./obj/avr/atmega1284p/gcc/bsp_rtc.cpp.o
                0x00000000000007fa                _Z20bsp_rtc_get_datetimeP10calendar_t
 .text._Z22bsp_rtc_get_month_namev
                0x0000000000000810       0x28 ./obj/avr/atmega1284p/gcc/bsp_rtc.cpp.o
                0x0000000000000810                _Z22bsp_rtc_get_month_namev
 .text._Z23bsp_rtc_get_day_of_weekv
                0x0000000000000838       0x28 ./obj/avr/atmega1284p/gcc/bsp_rtc.cpp.o
                0x0000000000000838                _Z23bsp_rtc_get_day_of_weekv
 .text._Z12bsp_rtc_kickv
                0x0000000000000860       0x3a ./obj/avr/atmega1284p/gcc/bsp_rtc.cpp.o
                0x0000000000000860                _Z12bsp_rtc_kickv
 .text.__vector_11
                0x000000000000089a       0x80 ./obj/avr/atmega1284p/gcc/bsp_rtc.cpp.o
                0x000000000000089a                __vector_11
 .text._ZL14LoggerCallbackPjjb
                0x000000000000091a       0x22 ./obj/avr/atmega1284p/gcc/bsp_tracelogger.cpp.o
 .text._ZL10LoggerMainPv
                0x000000000000093c       0x58 ./obj/avr/atmega1284p/gcc/bsp_tracelogger.cpp.o
 .text._Z20bsp_tracelogger_initv
                0x0000000000000994       0x50 ./obj/avr/atmega1284p/gcc/bsp_tracelogger.cpp.o
                0x0000000000000994                _Z20bsp_tracelogger_initv
 .text.startup._GLOBAL__sub_I__Z20bsp_tracelogger_initv
                0x00000000000009e4       0x22 ./obj/avr/atmega1284p/gcc/bsp_tracelogger.cpp.o
 .text.exit._GLOBAL__sub_D__Z20bsp_tracelogger_initv
                0x0000000000000a06       0x10 ./obj/avr/atmega1284p/gcc/bsp_tracelogger.cpp.o
 .text._Z14bsp_uarts_initv
                0x0000000000000a16      0x138 ./obj/avr/atmega1284p/gcc/bsp_uarts.cpp.o
                0x0000000000000a16                _Z14bsp_uarts_initv
 .text.startup._GLOBAL__sub_I_clUART0
                0x0000000000000b4e       0x16 ./obj/avr/atmega1284p/gcc/bsp_uarts.cpp.o
 .text._ZN7DevNull4InitEv
                0x0000000000000b64        0xc /home/moslevin/mark3-source/embedded/stage/lib/avr/atmega1284p/gcc/libmark3.a(driver.cpp.o)
                0x0000000000000b64                _ZN7DevNull4InitEv
 .text._ZN7DevNull4OpenEv
                0x0000000000000b70        0x4 /home/moslevin/mark3-source/embedded/stage/lib/avr/atmega1284p/gcc/libmark3.a(driver.cpp.o)
                0x0000000000000b70                _ZN7DevNull4OpenEv
 .text._ZN7DevNull5CloseEv
                0x0000000000000b74        0x4 /home/moslevin/mark3-source/embedded/stage/lib/avr/atmega1284p/gcc/libmark3.a(driver.cpp.o)
                0x0000000000000b74                _ZN7DevNull5CloseEv
 .text._ZN7DevNull4ReadEjPh
                0x0000000000000b78        0x6 /home/moslevin/mark3-source/embedded/stage/lib/avr/atmega1284p/gcc/libmark3.a(driver.cpp.o)
                0x0000000000000b78                _ZN7DevNull4ReadEjPh
 .text._ZN7DevNull5WriteEjPh
                0x0000000000000b7e        0x6 /home/moslevin/mark3-source/embedded/stage/lib/avr/atmega1284p/gcc/libmark3.a(driver.cpp.o)
                0x0000000000000b7e                _ZN7DevNull5WriteEjPh
 .text._ZN7DevNull7ControlEjPvjS0_j
                0x0000000000000b84        0x6 /home/moslevin/mark3-source/embedded/stage/lib/avr/atmega1284p/gcc/libmark3.a(driver.cpp.o)
                0x0000000000000b84                _ZN7DevNull7ControlEjPvjS0_j
 .text._ZN10DriverList4InitEv
                0x0000000000000b8a       0x18 /home/moslevin/mark3-source/embedded/stage/lib/avr/atmega1284p/gcc/libmark3.a(driver.cpp.o)
                0x0000000000000b8a                _ZN10DriverList4InitEv
 .text._ZN10DriverList10FindByPathEPKc
                0x0000000000000ba2       0x50 /home/moslevin/mark3-source/embedded/stage/lib/avr/atmega1284p/gcc/libmark3.a(driver.cpp.o)
                0x0000000000000ba2                _ZN10DriverList10FindByPathEPKc
 .text.startup._GLOBAL__sub_I__ZN10DriverList14m_clDriverListE
                0x0000000000000bf2       0x1e /home/moslevin/mark3-source/embedded/stage/lib/avr/atmega1284p/gcc/libmark3.a(driver.cpp.o)
 .text._ZN12LinkListNode9ClearNodeEv
                0x0000000000000c10        0xc /home/moslevin/mark3-source/embedded/stage/lib/avr/atmega1284p/gcc/libmark3.a(ll.cpp.o)
                0x0000000000000c10                _ZN12LinkListNode9ClearNodeEv
 .text._ZN14DoubleLinkList3AddEP12LinkListNode
                0x0000000000000c1c       0x30 /home/moslevin/mark3-source/embedded/stage/lib/avr/atmega1284p/gcc/libmark3.a(ll.cpp.o)
                0x0000000000000c1c                _ZN14DoubleLinkList3AddEP12LinkListNode
 .text._ZN14DoubleLinkList6RemoveEP12LinkListNode
                0x0000000000000c4c       0x58 /home/moslevin/mark3-source/embedded/stage/lib/avr/atmega1284p/gcc/libmark3.a(ll.cpp.o)
                0x0000000000000c4c                _ZN14DoubleLinkList6RemoveEP12LinkListNode
 .text._ZN16CircularLinkList3AddEP12LinkListNode
                0x0000000000000ca4       0x4a /home/moslevin/mark3-source/embedded/stage/lib/avr/atmega1284p/gcc/libmark3.a(ll.cpp.o)
                0x0000000000000ca4                _ZN16CircularLinkList3AddEP12LinkListNode
 .text._ZN16CircularLinkList6RemoveEP12LinkListNode
                0x0000000000000cee       0x74 /home/moslevin/mark3-source/embedded/stage/lib/avr/atmega1284p/gcc/libmark3.a(ll.cpp.o)
                0x0000000000000cee                _ZN16CircularLinkList6RemoveEP12LinkListNode
 .text._ZN16CircularLinkList12PivotForwardEv
                0x0000000000000d62       0x20 /home/moslevin/mark3-source/embedded/stage/lib/avr/atmega1284p/gcc/libmark3.a(ll.cpp.o)
                0x0000000000000d62                _ZN16CircularLinkList12PivotForwardEv
 .text._ZN16CircularLinkList16InsertNodeBeforeEP12LinkListNodeS1_
                0x0000000000000d82       0x28 /home/moslevin/mark3-source/embedded/stage/lib/avr/atmega1284p/gcc/libmark3.a(ll.cpp.o)
                0x0000000000000d82                _ZN16CircularLinkList16InsertNodeBeforeEP12LinkListNodeS1_
 .text._ZN9Scheduler4InitEv
                0x0000000000000daa       0x2e /home/moslevin/mark3-source/embedded/stage/lib/avr/atmega1284p/gcc/libmark3.a(scheduler.cpp.o)
                0x0000000000000daa                _ZN9Scheduler4InitEv
 .text._ZN9Scheduler8ScheduleEv
                0x0000000000000dd8       0x2e /home/moslevin/mark3-source/embedded/stage/lib/avr/atmega1284p/gcc/libmark3.a(scheduler.cpp.o)
                0x0000000000000dd8                _ZN9Scheduler8ScheduleEv
 .text._ZN9Scheduler3AddEP6Thread
                0x0000000000000e06       0x16 /home/moslevin/mark3-source/embedded/stage/lib/avr/atmega1284p/gcc/libmark3.a(scheduler.cpp.o)
                0x0000000000000e06                _ZN9Scheduler3AddEP6Thread
 .text._ZN9Scheduler6RemoveEP6Thread
                0x0000000000000e1c       0x16 /home/moslevin/mark3-source/embedded/stage/lib/avr/atmega1284p/gcc/libmark3.a(scheduler.cpp.o)
                0x0000000000000e1c                _ZN9Scheduler6RemoveEP6Thread
 .text._ZN9Scheduler12SetSchedulerEb
                0x0000000000000e32       0x2e /home/moslevin/mark3-source/embedded/stage/lib/avr/atmega1284p/gcc/libmark3.a(scheduler.cpp.o)
                0x0000000000000e32                _ZN9Scheduler12SetSchedulerEb
 .text.startup._GLOBAL__sub_I_g_pclNext
                0x0000000000000e60       0x40 /home/moslevin/mark3-source/embedded/stage/lib/avr/atmega1284p/gcc/libmark3.a(scheduler.cpp.o)
 .text._Z23TimedSemaphore_CallbackP6ThreadPv
                0x0000000000000ea0       0x40 /home/moslevin/mark3-source/embedded/stage/lib/avr/atmega1284p/gcc/libmark3.a(ksemaphore.cpp.o)
                0x0000000000000ea0                _Z23TimedSemaphore_CallbackP6ThreadPv
 .text._ZN9SemaphoreD2Ev
                0x0000000000000ee0       0x14 /home/moslevin/mark3-source/embedded/stage/lib/avr/atmega1284p/gcc/libmark3.a(ksemaphore.cpp.o)
                0x0000000000000ee0                _ZN9SemaphoreD1Ev
                0x0000000000000ee0                _ZN9SemaphoreD2Ev
 .text._ZN9Semaphore8WakeNextEv
                0x0000000000000ef4       0x36 /home/moslevin/mark3-source/embedded/stage/lib/avr/atmega1284p/gcc/libmark3.a(ksemaphore.cpp.o)
                0x0000000000000ef4                _ZN9Semaphore8WakeNextEv
 .text._ZN9Semaphore4InitEjj
                0x0000000000000f2a       0x14 /home/moslevin/mark3-source/embedded/stage/lib/avr/atmega1284p/gcc/libmark3.a(ksemaphore.cpp.o)
                0x0000000000000f2a                _ZN9Semaphore4InitEjj
 .text._ZN9Semaphore4PostEv
                0x0000000000000f3e       0x58 /home/moslevin/mark3-source/embedded/stage/lib/avr/atmega1284p/gcc/libmark3.a(ksemaphore.cpp.o)
                0x0000000000000f3e                _ZN9Semaphore4PostEv
 .text._ZN9Semaphore6Pend_iEm
                0x0000000000000f96       0xf8 /home/moslevin/mark3-source/embedded/stage/lib/avr/atmega1284p/gcc/libmark3.a(ksemaphore.cpp.o)
                0x0000000000000f96                _ZN9Semaphore6Pend_iEm
 .text._ZN9Semaphore4PendEv
                0x000000000000108e        0xa /home/moslevin/mark3-source/embedded/stage/lib/avr/atmega1284p/gcc/libmark3.a(ksemaphore.cpp.o)
                0x000000000000108e                _ZN9Semaphore4PendEv
 .text._ZL19ThreadSleepCallbackP6ThreadPv
                0x0000000000001098        0x6 /home/moslevin/mark3-source/embedded/stage/lib/avr/atmega1284p/gcc/libmark3.a(thread.cpp.o)
 .text._ZN6ThreadD2Ev
                0x000000000000109e       0x44 /home/moslevin/mark3-source/embedded/stage/lib/avr/atmega1284p/gcc/libmark3.a(thread.cpp.o)
                0x000000000000109e                _ZN6ThreadD2Ev
                0x000000000000109e                _ZN6ThreadD1Ev
 .text._ZN6Thread4InitEPhjhPFvPvES1_
                0x00000000000010e2       0xe2 /home/moslevin/mark3-source/embedded/stage/lib/avr/atmega1284p/gcc/libmark3.a(thread.cpp.o)
                0x00000000000010e2                _ZN6Thread4InitEPhjhPFvPvES1_
 .text._ZN6Thread5SleepEm
                0x00000000000011c4       0xd8 /home/moslevin/mark3-source/embedded/stage/lib/avr/atmega1284p/gcc/libmark3.a(thread.cpp.o)
                0x00000000000011c4                _ZN6Thread5SleepEm
 .text._ZN6Thread16ContextSwitchSWIEv
                0x000000000000129c        0xc /home/moslevin/mark3-source/embedded/stage/lib/avr/atmega1284p/gcc/libmark3.a(thread.cpp.o)
                0x000000000000129c                _ZN6Thread16ContextSwitchSWIEv
 .text._ZN6Thread5YieldEv
                0x00000000000012a8       0x4a /home/moslevin/mark3-source/embedded/stage/lib/avr/atmega1284p/gcc/libmark3.a(thread.cpp.o)
                0x00000000000012a8                _ZN6Thread5YieldEv
 .text._ZN6Thread5StartEv
                0x00000000000012f2       0x7e /home/moslevin/mark3-source/embedded/stage/lib/avr/atmega1284p/gcc/libmark3.a(thread.cpp.o)
                0x00000000000012f2                _ZN6Thread5StartEv
 .text._ZN6Thread10SetExpiredEb
                0x0000000000001370        0x6 /home/moslevin/mark3-source/embedded/stage/lib/avr/atmega1284p/gcc/libmark3.a(thread.cpp.o)
                0x0000000000001370                _ZN6Thread10SetExpiredEb
 .text._ZN6Thread10GetExpiredEv
                0x0000000000001376        0x6 /home/moslevin/mark3-source/embedded/stage/lib/avr/atmega1284p/gcc/libmark3.a(thread.cpp.o)
                0x0000000000001376                _ZN6Thread10GetExpiredEv
 .text._ZN6Thread8InitIdleEv
                0x000000000000137c       0x24 /home/moslevin/mark3-source/embedded/stage/lib/avr/atmega1284p/gcc/libmark3.a(thread.cpp.o)
                0x000000000000137c                _ZN6Thread8InitIdleEv
 .text._ZN10ThreadList11SetPriorityEh
                0x00000000000013a0        0x6 /home/moslevin/mark3-source/embedded/stage/lib/avr/atmega1284p/gcc/libmark3.a(threadlist.cpp.o)
                0x00000000000013a0                _ZN10ThreadList11SetPriorityEh
 .text._ZN10ThreadList13SetMapPointerEP11PriorityMap
                0x00000000000013a6        0x8 /home/moslevin/mark3-source/embedded/stage/lib/avr/atmega1284p/gcc/libmark3.a(threadlist.cpp.o)
                0x00000000000013a6                _ZN10ThreadList13SetMapPointerEP11PriorityMap
 .text._ZN10ThreadList3AddEP12LinkListNode
                0x00000000000013ae       0x28 /home/moslevin/mark3-source/embedded/stage/lib/avr/atmega1284p/gcc/libmark3.a(threadlist.cpp.o)
                0x00000000000013ae                _ZN10ThreadList3AddEP12LinkListNode
 .text._ZN10ThreadList11AddPriorityEP12LinkListNode
                0x00000000000013d6       0x86 /home/moslevin/mark3-source/embedded/stage/lib/avr/atmega1284p/gcc/libmark3.a(threadlist.cpp.o)
                0x00000000000013d6                _ZN10ThreadList11AddPriorityEP12LinkListNode
 .text._ZN10ThreadList6RemoveEP12LinkListNode
                0x000000000000145c       0x2a /home/moslevin/mark3-source/embedded/stage/lib/avr/atmega1284p/gcc/libmark3.a(threadlist.cpp.o)
                0x000000000000145c                _ZN10ThreadList6RemoveEP12LinkListNode
 .text._ZN10ThreadList13HighestWaiterEv
                0x0000000000001486        0x8 /home/moslevin/mark3-source/embedded/stage/lib/avr/atmega1284p/gcc/libmark3.a(threadlist.cpp.o)
                0x0000000000001486                _ZN10ThreadList13HighestWaiterEv
 .text._ZN6Kernel4InitEv
                0x000000000000148e       0x24 /home/moslevin/mark3-source/embedded/stage/lib/avr/atmega1284p/gcc/libmark3.a(kernel.cpp.o)
                0x000000000000148e                _ZN6Kernel4InitEv
 .text._ZN6Kernel5StartEv
                0x00000000000014b2        0xa /home/moslevin/mark3-source/embedded/stage/lib/avr/atmega1284p/gcc/libmark3.a(kernel.cpp.o)
                0x00000000000014b2                _ZN6Kernel5StartEv
 .text._ZN6Kernel5PanicEj
                0x00000000000014bc       0x16 /home/moslevin/mark3-source/embedded/stage/lib/avr/atmega1284p/gcc/libmark3.a(kernel.cpp.o)
                0x00000000000014bc                _ZN6Kernel5PanicEj
 .text._ZN5Timer5StartEv
                0x00000000000014d2       0x20 /home/moslevin/mark3-source/embedded/stage/lib/avr/atmega1284p/gcc/libmark3.a(timer.cpp.o)
                0x00000000000014d2                _ZN5Timer5StartEv
 .text._ZN5Timer4StopEv
                0x00000000000014f2        0xa /home/moslevin/mark3-source/embedded/stage/lib/avr/atmega1284p/gcc/libmark3.a(timer.cpp.o)
                0x00000000000014f2                _ZN5Timer4StopEv
 .text._ZN5Timer19SetIntervalMSecondsEm
                0x00000000000014fc       0x34 /home/moslevin/mark3-source/embedded/stage/lib/avr/atmega1284p/gcc/libmark3.a(timer.cpp.o)
                0x00000000000014fc                _ZN5Timer19SetIntervalMSecondsEm
 .text._ZN5Timer5StartEbmPFvP6ThreadPvES2_
                0x0000000000001530       0x62 /home/moslevin/mark3-source/embedded/stage/lib/avr/atmega1284p/gcc/libmark3.a(timer.cpp.o)
                0x0000000000001530                _ZN5Timer5StartEbmPFvP6ThreadPvES2_
 .text._ZN9TimerList4InitEv
                0x0000000000001592        0xe /home/moslevin/mark3-source/embedded/stage/lib/avr/atmega1284p/gcc/libmark3.a(timerlist.cpp.o)
                0x0000000000001592                _ZN9TimerList4InitEv
 .text._ZN9TimerList3AddEP5Timer
                0x00000000000015a0       0x9e /home/moslevin/mark3-source/embedded/stage/lib/avr/atmega1284p/gcc/libmark3.a(timerlist.cpp.o)
                0x00000000000015a0                _ZN9TimerList3AddEP5Timer
 .text._ZN9TimerList6RemoveEP5Timer
                0x000000000000163e       0x38 /home/moslevin/mark3-source/embedded/stage/lib/avr/atmega1284p/gcc/libmark3.a(timerlist.cpp.o)
                0x000000000000163e                _ZN9TimerList6RemoveEP5Timer
 .text._ZN9TimerList7ProcessEv
                0x0000000000001676      0x15e /home/moslevin/mark3-source/embedded/stage/lib/avr/atmega1284p/gcc/libmark3.a(timerlist.cpp.o)
                0x0000000000001676                _ZN9TimerList7ProcessEv
 .text.startup._GLOBAL__sub_I__ZN14TimerScheduler13m_clTimerListE
                0x00000000000017d4       0x12 /home/moslevin/mark3-source/embedded/stage/lib/avr/atmega1284p/gcc/libmark3.a(timerlist.cpp.o)
 .text._ZN11TraceBuffer4InitEv
                0x00000000000017e6        0x2 /home/moslevin/mark3-source/embedded/stage/lib/avr/atmega1284p/gcc/libmark3.a(tracebuffer.cpp.o)
                0x00000000000017e6                _ZN11TraceBuffer4InitEv
 .text._ZL13Thread_Switchv
                0x00000000000017e8       0x6a /home/moslevin/mark3-source/embedded/stage/lib/avr/atmega1284p/gcc/libmark3.a(threadport.cpp.o)
 .text._ZN10ThreadPort9InitStackEP6Thread
                0x0000000000001852       0x9e /home/moslevin/mark3-source/embedded/stage/lib/avr/atmega1284p/gcc/libmark3.a(threadport.cpp.o)
                0x0000000000001852                _ZN10ThreadPort9InitStackEP6Thread
 .text._ZN10ThreadPort12StartThreadsEv
                0x00000000000018f0       0x8c /home/moslevin/mark3-source/embedded/stage/lib/avr/atmega1284p/gcc/libmark3.a(threadport.cpp.o)
                0x00000000000018f0                _ZN10ThreadPort12StartThreadsEv
 .text.__vector_3
                0x000000000000197c       0xbe /home/moslevin/mark3-source/embedded/stage/lib/avr/atmega1284p/gcc/libmark3.a(threadport.cpp.o)
                0x000000000000197c                __vector_3
 .text.__vector_13
                0x0000000000001a3a       0x58 /home/moslevin/mark3-source/embedded/stage/lib/avr/atmega1284p/gcc/libmark3.a(threadport.cpp.o)
                0x0000000000001a3a                __vector_13
 .text._ZN9KernelSWI6ConfigEv
                0x0000000000001a92       0x10 /home/moslevin/mark3-source/embedded/stage/lib/avr/atmega1284p/gcc/libmark3.a(kernelswi.cpp.o)
                0x0000000000001a92                _ZN9KernelSWI6ConfigEv
 .text._ZN9KernelSWI5StartEv
                0x0000000000001aa2        0x6 /home/moslevin/mark3-source/embedded/stage/lib/avr/atmega1284p/gcc/libmark3.a(kernelswi.cpp.o)
                0x0000000000001aa2                _ZN9KernelSWI5StartEv
 .text._ZN9KernelSWI2DIEv
                0x0000000000001aa8        0xc /home/moslevin/mark3-source/embedded/stage/lib/avr/atmega1284p/gcc/libmark3.a(kernelswi.cpp.o)
                0x0000000000001aa8                _ZN9KernelSWI2DIEv
 .text._ZN9KernelSWI2RIEb
                0x0000000000001ab4        0xc /home/moslevin/mark3-source/embedded/stage/lib/avr/atmega1284p/gcc/libmark3.a(kernelswi.cpp.o)
                0x0000000000001ab4                _ZN9KernelSWI2RIEb
 .text._ZN9KernelSWI7TriggerEv
                0x0000000000001ac0        0x6 /home/moslevin/mark3-source/embedded/stage/lib/avr/atmega1284p/gcc/libmark3.a(kernelswi.cpp.o)
                0x0000000000001ac0                _ZN9KernelSWI7TriggerEv
 .text._ZN11KernelTimer6ConfigEv
                0x0000000000001ac6        0x8 /home/moslevin/mark3-source/embedded/stage/lib/avr/atmega1284p/gcc/libmark3.a(kerneltimer.cpp.o)
                0x0000000000001ac6                _ZN11KernelTimer6ConfigEv
 .text._ZN11KernelTimer5StartEv
                0x0000000000001ace       0x20 /home/moslevin/mark3-source/embedded/stage/lib/avr/atmega1284p/gcc/libmark3.a(kerneltimer.cpp.o)
                0x0000000000001ace                _ZN11KernelTimer5StartEv
 .text._ZN11KernelTimer4StopEv
                0x0000000000001aee       0x28 /home/moslevin/mark3-source/embedded/stage/lib/avr/atmega1284p/gcc/libmark3.a(kerneltimer.cpp.o)
                0x0000000000001aee                _ZN11KernelTimer4StopEv
 .text._ZN11KernelTimer4ReadEv
                0x0000000000001b16       0x44 /home/moslevin/mark3-source/embedded/stage/lib/avr/atmega1284p/gcc/libmark3.a(kerneltimer.cpp.o)
                0x0000000000001b16                _ZN11KernelTimer4ReadEv
 .text._ZN11KernelTimer14SubtractExpiryEm
                0x0000000000001b5a       0x1a /home/moslevin/mark3-source/embedded/stage/lib/avr/atmega1284p/gcc/libmark3.a(kerneltimer.cpp.o)
                0x0000000000001b5a                _ZN11KernelTimer14SubtractExpiryEm
 .text._ZN11KernelTimer12TimeToExpiryEv
                0x0000000000001b74       0x2a /home/moslevin/mark3-source/embedded/stage/lib/avr/atmega1284p/gcc/libmark3.a(kerneltimer.cpp.o)
                0x0000000000001b74                _ZN11KernelTimer12TimeToExpiryEv
 .text._ZN11KernelTimer11GetOvertimeEv
                0x0000000000001b9e        0xc /home/moslevin/mark3-source/embedded/stage/lib/avr/atmega1284p/gcc/libmark3.a(kerneltimer.cpp.o)
                0x0000000000001b9e                _ZN11KernelTimer11GetOvertimeEv
 .text._ZN11KernelTimer9SetExpiryEm
                0x0000000000001baa       0x1e /home/moslevin/mark3-source/embedded/stage/lib/avr/atmega1284p/gcc/libmark3.a(kerneltimer.cpp.o)
                0x0000000000001baa                _ZN11KernelTimer9SetExpiryEm
 .text._ZN11KernelTimer11ClearExpiryEv
                0x0000000000001bc8        0xe /home/moslevin/mark3-source/embedded/stage/lib/avr/atmega1284p/gcc/libmark3.a(kerneltimer.cpp.o)
                0x0000000000001bc8                _ZN11KernelTimer11ClearExpiryEv
 .text._ZN8Profiler4InitEv
                0x0000000000001bd6       0x1c /home/moslevin/mark3-source/embedded/stage/lib/avr/atmega1284p/gcc/libmark3.a(kernelprofile.cpp.o)
                0x0000000000001bd6                _ZN8Profiler4InitEv
 .text._ZN8Profiler7ProcessEv
                0x0000000000001bf2       0x2e /home/moslevin/mark3-source/embedded/stage/lib/avr/atmega1284p/gcc/libmark3.a(kernelprofile.cpp.o)
                0x0000000000001bf2                _ZN8Profiler7ProcessEv
 .text.__vector_18
                0x0000000000001c20       0x50 /home/moslevin/mark3-source/embedded/stage/lib/avr/atmega1284p/gcc/libmark3.a(kernelprofile.cpp.o)
                0x0000000000001c20                __vector_18
 .text._ZN14BlockingObject13BlockPriorityEP6Thread
                0x0000000000001c70       0x2c /home/moslevin/mark3-source/embedded/stage/lib/avr/atmega1284p/gcc/libmark3.a(blocking.cpp.o)
                0x0000000000001c70                _ZN14BlockingObject13BlockPriorityEP6Thread
 .text._ZN14BlockingObject7UnBlockEP6Thread
                0x0000000000001c9c       0x26 /home/moslevin/mark3-source/embedded/stage/lib/avr/atmega1284p/gcc/libmark3.a(blocking.cpp.o)
                0x0000000000001c9c                _ZN14BlockingObject7UnBlockEP6Thread
 .text._ZN11MessagePool4PushEP7Message
                0x0000000000001cc2       0x10 /home/moslevin/mark3-source/embedded/stage/lib/avr/atmega1284p/gcc/libmark3.a(message.cpp.o)
                0x0000000000001cc2                _ZN11MessagePool4PushEP7Message
 .text._ZN17GlobalMessagePool4InitEv
                0x0000000000001cd2       0x40 /home/moslevin/mark3-source/embedded/stage/lib/avr/atmega1284p/gcc/libmark3.a(message.cpp.o)
                0x0000000000001cd2                _ZN17GlobalMessagePool4InitEv
 .text.startup._GLOBAL__sub_I__ZN17GlobalMessagePool16m_aclMessagePoolE
                0x0000000000001d12       0x12 /home/moslevin/mark3-source/embedded/stage/lib/avr/atmega1284p/gcc/libmark3.a(message.cpp.o)
 .text._ZN11PriorityMapC2Ev
                0x0000000000001d24        0x6 /home/moslevin/mark3-source/embedded/stage/lib/avr/atmega1284p/gcc/libmark3.a(priomap.cpp.o)
                0x0000000000001d24                _ZN11PriorityMapC1Ev
                0x0000000000001d24                _ZN11PriorityMapC2Ev
 .text._ZN11PriorityMap3SetEh
                0x0000000000001d2a       0x1a /home/moslevin/mark3-source/embedded/stage/lib/avr/atmega1284p/gcc/libmark3.a(priomap.cpp.o)
                0x0000000000001d2a                _ZN11PriorityMap3SetEh
 .text._ZN11PriorityMap5ClearEh
                0x0000000000001d44       0x1c /home/moslevin/mark3-source/embedded/stage/lib/avr/atmega1284p/gcc/libmark3.a(priomap.cpp.o)
                0x0000000000001d44                _ZN11PriorityMap5ClearEh
 .text._ZN11PriorityMap15HighestPriorityEv
                0x0000000000001d60       0x20 /home/moslevin/mark3-source/embedded/stage/lib/avr/atmega1284p/gcc/libmark3.a(priomap.cpp.o)
                0x0000000000001d60                _ZN11PriorityMap15HighestPriorityEv
 .text._ZL15QuantumCallbackP6ThreadPv
                0x0000000000001d80       0x3a /home/moslevin/mark3-source/embedded/stage/lib/avr/atmega1284p/gcc/libmark3.a(quantum.cpp.o)
 .text._ZN7Quantum8SetTimerEP6Thread
                0x0000000000001dba       0x34 /home/moslevin/mark3-source/embedded/stage/lib/avr/atmega1284p/gcc/libmark3.a(quantum.cpp.o)
                0x0000000000001dba                _ZN7Quantum8SetTimerEP6Thread
 .text._ZN7Quantum9AddThreadEP6Thread
                0x0000000000001dee       0x54 /home/moslevin/mark3-source/embedded/stage/lib/avr/atmega1284p/gcc/libmark3.a(quantum.cpp.o)
                0x0000000000001dee                _ZN7Quantum9AddThreadEP6Thread
 .text._ZN7Quantum12RemoveThreadEv
                0x0000000000001e42       0x1a /home/moslevin/mark3-source/embedded/stage/lib/avr/atmega1284p/gcc/libmark3.a(quantum.cpp.o)
                0x0000000000001e42                _ZN7Quantum12RemoveThreadEv
 .text._ZN7Quantum11UpdateTimerEv
                0x0000000000001e5c       0x12 /home/moslevin/mark3-source/embedded/stage/lib/avr/atmega1284p/gcc/libmark3.a(quantum.cpp.o)
                0x0000000000001e5c                _ZN7Quantum11UpdateTimerEv
 .text.startup._GLOBAL__sub_I__ZN7Quantum16m_clQuantumTimerE
                0x0000000000001e6e        0x6 /home/moslevin/mark3-source/embedded/stage/lib/avr/atmega1284p/gcc/libmark3.a(quantum.cpp.o)
 .text._ZN10ATMegaUART4ReadEjPh
                0x0000000000001e74       0x4c /home/moslevin/mark3-source/embedded/stage/lib/avr/atmega1284p/gcc/libdrvUART.a(drvUART.cpp.o)
                0x0000000000001e74                _ZN10ATMegaUART4ReadEjPh
 .text._ZN10ATMegaUART4OpenEv
                0x0000000000001ec0       0x52 /home/moslevin/mark3-source/embedded/stage/lib/avr/atmega1284p/gcc/libdrvUART.a(drvUART.cpp.o)
                0x0000000000001ec0                _ZN10ATMegaUART4OpenEv
 .text._ZN10ATMegaUART5CloseEv
                0x0000000000001f12       0x36 /home/moslevin/mark3-source/embedded/stage/lib/avr/atmega1284p/gcc/libdrvUART.a(drvUART.cpp.o)
                0x0000000000001f12                _ZN10ATMegaUART5CloseEv
 .text._ZN10ATMegaUART7SetBaudEv
                0x0000000000001f48       0x5c /home/moslevin/mark3-source/embedded/stage/lib/avr/atmega1284p/gcc/libdrvUART.a(drvUART.cpp.o)
                0x0000000000001f48                _ZN10ATMegaUART7SetBaudEv
 .text._ZN10ATMegaUART4InitEv
                0x0000000000001fa4       0x2c /home/moslevin/mark3-source/embedded/stage/lib/avr/atmega1284p/gcc/libdrvUART.a(drvUART.cpp.o)
                0x0000000000001fa4                _ZN10ATMegaUART4InitEv
 .text._ZN10ATMegaUART7ControlEjPvjS0_j
                0x0000000000001fd0       0xac /home/moslevin/mark3-source/embedded/stage/lib/avr/atmega1284p/gcc/libdrvUART.a(drvUART.cpp.o)
                0x0000000000001fd0                _ZN10ATMegaUART7ControlEjPvjS0_j
 .text._ZN10ATMegaUART7StartTxEv
                0x000000000000207c       0x36 /home/moslevin/mark3-source/embedded/stage/lib/avr/atmega1284p/gcc/libdrvUART.a(drvUART.cpp.o)
                0x000000000000207c                _ZN10ATMegaUART7StartTxEv
 .text._ZN10ATMegaUART5WriteEjPh
                0x00000000000020b2       0x94 /home/moslevin/mark3-source/embedded/stage/lib/avr/atmega1284p/gcc/libdrvUART.a(drvUART.cpp.o)
                0x00000000000020b2                _ZN10ATMegaUART5WriteEjPh
 .text._ZN10ATMegaUART5RxISREv
                0x0000000000002146       0xbc /home/moslevin/mark3-source/embedded/stage/lib/avr/atmega1284p/gcc/libdrvUART.a(drvUART.cpp.o)
                0x0000000000002146                _ZN10ATMegaUART5RxISREv
 .text.__vector_20
                0x0000000000002202       0x58 /home/moslevin/mark3-source/embedded/stage/lib/avr/atmega1284p/gcc/libdrvUART.a(drvUART.cpp.o)
                0x0000000000002202                __vector_20
 .text.__vector_28
                0x000000000000225a       0x58 /home/moslevin/mark3-source/embedded/stage/lib/avr/atmega1284p/gcc/libdrvUART.a(drvUART.cpp.o)
                0x000000000000225a                __vector_28
 .text._ZN10ATMegaUART5TxISREv
                0x00000000000022b2        0xe /home/moslevin/mark3-source/embedded/stage/lib/avr/atmega1284p/gcc/libdrvUART.a(drvUART.cpp.o)
                0x00000000000022b2                _ZN10ATMegaUART5TxISREv
 .text.__vector_22
                0x00000000000022c0       0x58 /home/moslevin/mark3-source/embedded/stage/lib/avr/atmega1284p/gcc/libdrvUART.a(drvUART.cpp.o)
                0x00000000000022c0                __vector_22
 .text.__vector_30
                0x0000000000002318       0x58 /home/moslevin/mark3-source/embedded/stage/lib/avr/atmega1284p/gcc/libdrvUART.a(drvUART.cpp.o)
                0x0000000000002318                __vector_30
 .text._ZN3RTC4InitEm
                0x0000000000002370       0x2e /home/moslevin/mark3-source/embedded/stage/lib/avr/atmega1284p/gcc/librtc.a(rtc.cpp.o)
                0x0000000000002370                _ZN3RTC4InitEm
 .text._ZN3RTC11GetDateTimeEP10calendar_t
                0x000000000000239e       0x22 /home/moslevin/mark3-source/embedded/stage/lib/avr/atmega1284p/gcc/librtc.a(rtc.cpp.o)
                0x000000000000239e                _ZN3RTC11GetDateTimeEP10calendar_t
 .text._ZN3RTC12GetMonthNameEv
                0x00000000000023c0       0x16 /home/moslevin/mark3-source/embedded/stage/lib/avr/atmega1284p/gcc/librtc.a(rtc.cpp.o)
                0x00000000000023c0                _ZN3RTC12GetMonthNameEv
 .text._ZN3RTC19YearContainsLeapDayEj
                0x00000000000023d6       0x32 /home/moslevin/mark3-source/embedded/stage/lib/avr/atmega1284p/gcc/librtc.a(rtc.cpp.o)
                0x00000000000023d6                _ZN3RTC19YearContainsLeapDayEj
 .text._ZN3RTC11SetDateTimeEPK10calendar_t
                0x0000000000002408       0x9a /home/moslevin/mark3-source/embedded/stage/lib/avr/atmega1284p/gcc/librtc.a(rtc.cpp.o)
                0x0000000000002408                _ZN3RTC11SetDateTimeEPK10calendar_t
 .text._ZN3RTC7AddTimeEm
                0x00000000000024a2       0xe8 /home/moslevin/mark3-source/embedded/stage/lib/avr/atmega1284p/gcc/librtc.a(rtc.cpp.o)
                0x00000000000024a2                _ZN3RTC7AddTimeEm
 .text._ZN3RTC16ComputeDayOfWeekEv
                0x000000000000258a       0xda /home/moslevin/mark3-source/embedded/stage/lib/avr/atmega1284p/gcc/librtc.a(rtc.cpp.o)
                0x000000000000258a                _ZN3RTC16ComputeDayOfWeekEv
 .text._ZN3RTC12GetDayOfWeekEv
                0x0000000000002664       0x20 /home/moslevin/mark3-source/embedded/stage/lib/avr/atmega1284p/gcc/librtc.a(rtc.cpp.o)
                0x0000000000002664                _ZN3RTC12GetDayOfWeekEv
 .text._ZN7MemUtil15DecimalToStringEhPc
                0x0000000000002684       0x36 /home/moslevin/mark3-source/embedded/stage/lib/avr/atmega1284p/gcc/libmemutil.a(memutil.cpp.o)
                0x0000000000002684                _ZN7MemUtil15DecimalToStringEhPc
 .text._ZN7MemUtil15DecimalToStringEjPc
                0x00000000000026ba       0x64 /home/moslevin/mark3-source/embedded/stage/lib/avr/atmega1284p/gcc/libmemutil.a(memutil.cpp.o)
                0x00000000000026ba                _ZN7MemUtil15DecimalToStringEjPc
 .text._ZN9ArenaList9PushBlockEP9HeapBlock
                0x000000000000271e       0x1e /home/moslevin/mark3-source/embedded/stage/lib/avr/atmega1284p/gcc/libheap.a(arena.cpp.o)
                0x000000000000271e                _ZN9ArenaList9PushBlockEP9HeapBlock
 .text._ZN5Arena11ListForSizeEj
                0x000000000000273c       0x62 /home/moslevin/mark3-source/embedded/stage/lib/avr/atmega1284p/gcc/libheap.a(arena.cpp.o)
                0x000000000000273c                _ZN5Arena11ListForSizeEj
 .text._ZN5Arena4InitEPvjPjh
                0x000000000000279e      0x12a /home/moslevin/mark3-source/embedded/stage/lib/avr/atmega1284p/gcc/libheap.a(arena.cpp.o)
                0x000000000000279e                _ZN5Arena4InitEPvjPjh
 .text._ZN9HeapBlock8RootInitEj
                0x00000000000028c8       0x42 /home/moslevin/mark3-source/embedded/stage/lib/avr/atmega1284p/gcc/libheap.a(heapblock.cpp.o)
                0x00000000000028c8                _ZN9HeapBlock8RootInitEj
 .text._ZN9HeapBlock12GetBlockSizeEv
                0x000000000000290a        0xa /home/moslevin/mark3-source/embedded/stage/lib/avr/atmega1284p/gcc/libheap.a(heapblock.cpp.o)
                0x000000000000290a                _ZN9HeapBlock12GetBlockSizeEv
 .text._ZN9HeapBlock13SetArenaIndexEh
                0x0000000000002914        0x6 /home/moslevin/mark3-source/embedded/stage/lib/avr/atmega1284p/gcc/libheap.a(heapblock.cpp.o)
                0x0000000000002914                _ZN9HeapBlock13SetArenaIndexEh
 .text.libgcc.mul
                0x000000000000291a       0x1e /usr/lib/gcc/avr/4.8.2/avr51/libgcc.a(_umulhisi3.o)
                0x000000000000291a                __umulhisi3
 .text.libgcc.mul
                0x0000000000002938       0x16 /usr/lib/gcc/avr/4.8.2/avr51/libgcc.a(_muluhisi3.o)
                0x0000000000002938                __muluhisi3
 .text.libgcc.div
                0x000000000000294e       0x18 /usr/lib/gcc/avr/4.8.2/avr51/libgcc.a(_udivmodqi4.o)
                0x000000000000294e                __udivmodqi4
 .text.libgcc.div
                0x0000000000002966       0x28 /usr/lib/gcc/avr/4.8.2/avr51/libgcc.a(_udivmodhi4.o)
                0x0000000000002966                __udivmodhi4
 .text.libgcc.div
                0x000000000000298e       0x44 /usr/lib/gcc/avr/4.8.2/avr51/libgcc.a(_udivmodsi4.o)
                0x000000000000298e                __udivmodsi4
 .text.libgcc   0x00000000000029d2        0xc /usr/lib/gcc/avr/4.8.2/avr51/libgcc.a(_tablejump.o)
                0x00000000000029d2                __tablejump2__
                0x00000000000029d6                __tablejump__
 .text.libgcc   0x00000000000029de        0x8 /usr/lib/gcc/avr/4.8.2/avr51/libgcc.a(_tablejump_elpm.o)
                0x00000000000029de                __tablejump_elpm__
                0x00000000000029e6                . = ALIGN (0x2)
 *(.fini9)
 .fini9         0x00000000000029e6        0x0 /usr/lib/gcc/avr/4.8.2/avr51/libgcc.a(_exit.o)
                0x00000000000029e6                exit
                0x00000000000029e6                _exit
 *(.fini9)
 *(.fini8)
 *(.fini8)
 *(.fini7)
 *(.fini7)
 *(.fini6)
 .fini6         0x00000000000029e6       0x20 /usr/lib/gcc/avr/4.8.2/avr51/libgcc.a(_dtors.o)
                0x00000000000029e6                __do_global_dtors
 *(.fini6)
 *(.fini5)
 *(.fini5)
 *(.fini4)
 *(.fini4)
 *(.fini3)
 *(.fini3)
 *(.fini2)
 *(.fini2)
 *(.fini1)
 *(.fini1)
 *(.fini0)
 .fini0         0x0000000000002a06        0x4 /usr/lib/gcc/avr/4.8.2/avr51/libgcc.a(_exit.o)
 *(.fini0)
                0x0000000000002a0a                _etext = .

.data           0x0000000000800100      0x172 load address 0x0000000000002a0a
                0x0000000000800100                PROVIDE (__data_start, .)
 *(.data)
 .data          0x0000000000800100        0x0 /usr/lib/gcc/avr/4.8.2/../../../avr/lib/avr51/crtm1284p.o
 .data          0x0000000000800100        0x0 ./obj/avr/atmega1284p/gcc/main.cpp.o
 .data          0x0000000000800100        0x0 ./obj/avr/atmega1284p/gcc/nlfs_eeprom.cpp.o
 .data          0x0000000000800100        0x0 ./obj/avr/atmega1284p/gcc/led.cpp.o
 .data          0x0000000000800100        0x0 ./obj/avr/atmega1284p/gcc/button.cpp.o
 .data          0x0000000000800100        0x0 ./obj/avr/atmega1284p/gcc/bsp_buttons.cpp.o
 .data          0x0000000000800100        0x0 ./obj/avr/atmega1284p/gcc/bsp_heap.cpp.o
 .data          0x0000000000800100        0x0 ./obj/avr/atmega1284p/gcc/bsp_leds.cpp.o
 .data          0x0000000000800100        0x0 ./obj/avr/atmega1284p/gcc/bsp_rtc.cpp.o
 .data          0x0000000000800100        0x0 ./obj/avr/atmega1284p/gcc/bsp_tracelogger.cpp.o
 .data          0x0000000000800100        0x0 ./obj/avr/atmega1284p/gcc/bsp_uarts.cpp.o
 .data          0x0000000000800100        0x0 /home/moslevin/mark3-source/embedded/stage/lib/avr/atmega1284p/gcc/libmark3.a(driver.cpp.o)
 .data          0x0000000000800100        0x0 /home/moslevin/mark3-source/embedded/stage/lib/avr/atmega1284p/gcc/libmark3.a(ll.cpp.o)
 .data          0x0000000000800100        0x0 /home/moslevin/mark3-source/embedded/stage/lib/avr/atmega1284p/gcc/libmark3.a(scheduler.cpp.o)
 .data          0x0000000000800100        0x0 /home/moslevin/mark3-source/embedded/stage/lib/avr/atmega1284p/gcc/libmark3.a(ksemaphore.cpp.o)
 .data          0x0000000000800100        0x0 /home/moslevin/mark3-source/embedded/stage/lib/avr/atmega1284p/gcc/libmark3.a(thread.cpp.o)
 .data          0x0000000000800100        0x0 /home/moslevin/mark3-source/embedded/stage/lib/avr/atmega1284p/gcc/libmark3.a(threadlist.cpp.o)
 .data          0x0000000000800100        0x0 /home/moslevin/mark3-source/embedded/stage/lib/avr/atmega1284p/gcc/libmark3.a(kernel.cpp.o)
 .data          0x0000000000800100        0x0 /home/moslevin/mark3-source/embedded/stage/lib/avr/atmega1284p/gcc/libmark3.a(timer.cpp.o)
 .data          0x0000000000800100        0x0 /home/moslevin/mark3-source/embedded/stage/lib/avr/atmega1284p/gcc/libmark3.a(timerlist.cpp.o)
 .data          0x0000000000800100        0x0 /home/moslevin/mark3-source/embedded/stage/lib/avr/atmega1284p/gcc/libmark3.a(tracebuffer.cpp.o)
 .data          0x0000000000800100        0x0 /home/moslevin/mark3-source/embedded/stage/lib/avr/atmega1284p/gcc/libmark3.a(threadport.cpp.o)
 .data          0x0000000000800100        0x0 /home/moslevin/mark3-source/embedded/stage/lib/avr/atmega1284p/gcc/libmark3.a(kernelswi.cpp.o)
 .data          0x0000000000800100        0x0 /home/moslevin/mark3-source/embedded/stage/lib/avr/atmega1284p/gcc/libmark3.a(kerneltimer.cpp.o)
 .data          0x0000000000800100        0x0 /home/moslevin/mark3-source/embedded/stage/lib/avr/atmega1284p/gcc/libmark3.a(kernelprofile.cpp.o)
 .data          0x0000000000800100        0x0 /home/moslevin/mark3-source/embedded/stage/lib/avr/atmega1284p/gcc/libmark3.a(blocking.cpp.o)
 .data          0x0000000000800100        0x0 /home/moslevin/mark3-source/embedded/stage/lib/avr/atmega1284p/gcc/libmark3.a(message.cpp.o)
 .data          0x0000000000800100        0x0 /home/moslevin/mark3-source/embedded/stage/lib/avr/atmega1284p/gcc/libmark3.a(priomap.cpp.o)
 .data          0x0000000000800100        0x0 /home/moslevin/mark3-source/embedded/stage/lib/avr/atmega1284p/gcc/libmark3.a(quantum.cpp.o)
 .data          0x0000000000800100        0x0 /home/moslevin/mark3-source/embedded/stage/lib/avr/atmega1284p/gcc/libdrvUART.a(drvUART.cpp.o)
 .data          0x0000000000800100        0x0 /home/moslevin/mark3-source/embedded/stage/lib/avr/atmega1284p/gcc/librtc.a(rtc.cpp.o)
 .data          0x0000000000800100        0x0 /home/moslevin/mark3-source/embedded/stage/lib/avr/atmega1284p/gcc/libmemutil.a(memutil.cpp.o)
 .data          0x0000000000800100        0x0 /home/moslevin/mark3-source/embedded/stage/lib/avr/atmega1284p/gcc/libheap.a(arena.cpp.o)
 .data          0x0000000000800100        0x0 /home/moslevin/mark3-source/embedded/stage/lib/avr/atmega1284p/gcc/libheap.a(heapblock.cpp.o)
 .data          0x0000000000800100        0x0 /usr/lib/gcc/avr/4.8.2/avr51/libgcc.a(_umulhisi3.o)
 .data          0x0000000000800100        0x0 /usr/lib/gcc/avr/4.8.2/avr51/libgcc.a(_muluhisi3.o)
 .data          0x0000000000800100        0x0 /usr/lib/gcc/avr/4.8.2/avr51/libgcc.a(_mulsi3.o)
 .data          0x0000000000800100        0x0 /usr/lib/gcc/avr/4.8.2/avr51/libgcc.a(_udivmodqi4.o)
 .data          0x0000000000800100        0x0 /usr/lib/gcc/avr/4.8.2/avr51/libgcc.a(_udivmodhi4.o)
 .data          0x0000000000800100        0x0 /usr/lib/gcc/avr/4.8.2/avr51/libgcc.a(_udivmodsi4.o)
 .data          0x0000000000800100        0x0 /usr/lib/gcc/avr/4.8.2/avr51/libgcc.a(_exit.o)
 .data          0x0000000000800100        0x0 /usr/lib/gcc/avr/4.8.2/avr51/libgcc.a(_tablejump.o)
 .data          0x0000000000800100        0x0 /usr/lib/gcc/avr/4.8.2/avr51/libgcc.a(_copy_data.o)
 .data          0x0000000000800100        0x0 /usr/lib/gcc/avr/4.8.2/avr51/libgcc.a(_clear_bss.o)
 .data          0x0000000000800100        0x0 /usr/lib/gcc/avr/4.8.2/avr51/libgcc.a(_ctors.o)
 .data          0x0000000000800100        0x0 /usr/lib/gcc/avr/4.8.2/avr51/libgcc.a(_dtors.o)
 .data          0x0000000000800100        0x0 /usr/lib/gcc/avr/4.8.2/avr51/libgcc.a(_tablejump_elpm.o)
 .data          0x0000000000800100        0x0 /usr/lib/gcc/avr/4.8.2/../../../avr/lib/avr51/libc.a(eerd_block_atmega1284p.o)
 .data          0x0000000000800100        0x0 /usr/lib/gcc/avr/4.8.2/../../../avr/lib/avr51/libc.a(eewr_block_atmega1284p.o)
 .data          0x0000000000800100        0x0 /usr/lib/gcc/avr/4.8.2/../../../avr/lib/avr51/libc.a(eewr_byte_atmega1284p.o)
 *(.data*)
 *(.rodata)
 .rodata        0x0000000000800100       0x12 ./obj/avr/atmega1284p/gcc/bsp_heap.cpp.o
 .rodata        0x0000000000800112       0x32 /home/moslevin/mark3-source/embedded/stage/lib/avr/atmega1284p/gcc/librtc.a(rtc.cpp.o)
 *(.rodata*)
 .rodata.str1.1
                0x0000000000800144       0x74 ./obj/avr/atmega1284p/gcc/main.cpp.o
                                         0x78 (size before relaxing)
 .rodata.str1.1
                0x0000000000000000        0xa ./obj/avr/atmega1284p/gcc/bsp_tracelogger.cpp.o
 .rodata.str1.1
                0x0000000000000000       0x14 ./obj/avr/atmega1284p/gcc/bsp_uarts.cpp.o
 .rodata.str1.1
                0x00000000008001b8        0xa /home/moslevin/mark3-source/embedded/stage/lib/avr/atmega1284p/gcc/libmark3.a(driver.cpp.o)
 .rodata._ZTV7DevNull
                0x00000000008001c2       0x10 /home/moslevin/mark3-source/embedded/stage/lib/avr/atmega1284p/gcc/libmark3.a(driver.cpp.o)
                0x00000000008001c2                _ZTV7DevNull
 .rodata._ZTV10ATMegaUART
                0x00000000008001d2       0x10 /home/moslevin/mark3-source/embedded/stage/lib/avr/atmega1284p/gcc/libdrvUART.a(drvUART.cpp.o)
                0x00000000008001d2                _ZTV10ATMegaUART
 .rodata.str1.1
                0x00000000008001e2       0x8f /home/moslevin/mark3-source/embedded/stage/lib/avr/atmega1284p/gcc/librtc.a(rtc.cpp.o)
 *(.gnu.linkonce.d*)
                0x0000000000800272                . = ALIGN (0x2)
 *fill*         0x0000000000800271        0x1 
                0x0000000000800272                _edata = .
                0x0000000000800272                PROVIDE (__data_end, .)

.bss            0x0000000000800272     0x1350
                0x0000000000800272                PROVIDE (__bss_start, .)
 *(.bss)
 .bss           0x0000000000800272      0x74a ./obj/avr/atmega1284p/gcc/main.cpp.o
 .bss           0x00000000008009bc       0x29 ./obj/avr/atmega1284p/gcc/bsp_buttons.cpp.o
                0x00000000008009bc                clButtons
 .bss           0x00000000008009e5      0x805 ./obj/avr/atmega1284p/gcc/bsp_heap.cpp.o
 .bss           0x00000000008011ea        0x9 ./obj/avr/atmega1284p/gcc/bsp_leds.cpp.o
                0x00000000008011ea                clLED3
                0x00000000008011ed                clLED2
                0x00000000008011f0                clLED1
 .bss           0x00000000008011f3       0x1a ./obj/avr/atmega1284p/gcc/bsp_rtc.cpp.o
 .bss           0x000000000080120d      0x183 ./obj/avr/atmega1284p/gcc/bsp_tracelogger.cpp.o
 .bss           0x0000000000801390       0xb8 ./obj/avr/atmega1284p/gcc/bsp_uarts.cpp.o
                0x0000000000801390                clUART1
                0x00000000008013ac                clUART0
 .bss           0x0000000000801448        0xc /home/moslevin/mark3-source/embedded/stage/lib/avr/atmega1284p/gcc/libmark3.a(driver.cpp.o)
                0x0000000000801448                _ZN10DriverList14m_clDriverListE
 .bss           0x0000000000801454       0x46 /home/moslevin/mark3-source/embedded/stage/lib/avr/atmega1284p/gcc/libmark3.a(scheduler.cpp.o)
                0x0000000000801454                _ZN9Scheduler11m_clPrioMapE
                0x0000000000801455                _ZN9Scheduler15m_aclPrioritiesE
                0x000000000080148d                _ZN9Scheduler12m_clStopListE
                0x0000000000801494                _ZN9Scheduler17m_bQueuedScheduleE
                0x0000000000801495                _ZN9Scheduler10m_bEnabledE
                0x0000000000801496                g_pclCurrent
                0x0000000000801498                g_pclNext
 .bss           0x000000000080149a        0x1 /home/moslevin/mark3-source/embedded/stage/lib/avr/atmega1284p/gcc/libmark3.a(thread.cpp.o)
 .bss           0x000000000080149b       0x12 /home/moslevin/mark3-source/embedded/stage/lib/avr/atmega1284p/gcc/libmark3.a(kernel.cpp.o)
                0x000000000080149b                _ZN6Kernel8m_clIdleE
                0x00000000008014a7                _ZN6Kernel8m_pfIdleE
                0x00000000008014a9                _ZN6Kernel9m_pfPanicE
                0x00000000008014ab                _ZN6Kernel10m_bIsPanicE
                0x00000000008014ac                _ZN6Kernel12m_bIsStartedE
 .bss           0x00000000008014ad        0x9 /home/moslevin/mark3-source/embedded/stage/lib/avr/atmega1284p/gcc/libmark3.a(timerlist.cpp.o)
                0x00000000008014ad                _ZN14TimerScheduler13m_clTimerListE
 .bss           0x00000000008014b6       0xa6 /home/moslevin/mark3-source/embedded/stage/lib/avr/atmega1284p/gcc/libmark3.a(tracebuffer.cpp.o)
                0x00000000008014b6                _ZN11TraceBuffer12m_au16BufferE
                0x0000000000801556                _ZN11TraceBuffer15m_u16SyncNumberE
                0x0000000000801558                _ZN11TraceBuffer10m_u16IndexE
                0x000000000080155a                _ZN11TraceBuffer12m_pfCallbackE
 .bss           0x000000000080155c        0x4 /home/moslevin/mark3-source/embedded/stage/lib/avr/atmega1284p/gcc/libmark3.a(kernelprofile.cpp.o)
                0x000000000080155c                _ZN8Profiler10m_u32EpochE
 .bss           0x0000000000801560       0x44 /home/moslevin/mark3-source/embedded/stage/lib/avr/atmega1284p/gcc/libmark3.a(message.cpp.o)
                0x0000000000801560                _ZN17GlobalMessagePool8m_clPoolE
                0x0000000000801564                _ZN17GlobalMessagePool16m_aclMessagePoolE
 .bss           0x00000000008015a4       0x1a /home/moslevin/mark3-source/embedded/stage/lib/avr/atmega1284p/gcc/libmark3.a(quantum.cpp.o)
                0x00000000008015a4                _ZN7Quantum10m_bInTimerE
                0x00000000008015a5                _ZN7Quantum9m_bActiveE
                0x00000000008015a6                _ZN7Quantum16m_clQuantumTimerE
 .bss           0x00000000008015be        0x4 /home/moslevin/mark3-source/embedded/stage/lib/avr/atmega1284p/gcc/libdrvUART.a(drvUART.cpp.o)
 *(.bss*)
 *(COMMON)
                0x00000000008015c2                PROVIDE (__bss_end, .)
                0x0000000000002a0a                __data_load_start = LOADADDR (.data)
                0x0000000000002b7c                __data_load_end = (__data_load_start + SIZEOF (.data))

.noinit         0x00000000008015c2        0x0
                0x00000000008015c2                PROVIDE (__noinit_start, .)
 *(.noinit*)
                0x00000000008015c2                PROVIDE (__noinit_end, .)
                0x00000000008015c2                _end = .
                0x00000000008015c2                PROVIDE (__heap_start, .)

.eeprom         0x0000000000810000        0x0
 *(.eeprom*)
                0x0000000000810000                __eeprom_end = .

.fuse
 *(.fuse)
 *(.lfuse)
 *(.hfuse)
 *(.efuse)

.lock
 *(.lock*)

.signature
 *(.signature*)

.user_signatures
 *(.user_signatures*)

.stab           0x0000000000000000    0x148bc
 *(.stab)
 .stab          0x0000000000000000      0x6cc /usr/lib/gcc/avr/4.8.2/../../../avr/lib/avr51/crtm1284p.o
 .stab          0x00000000000006cc     0x108c ./obj/avr/atmega1284p/gcc/main.cpp.o
                                       0x1098 (size before relaxing)
 .stab          0x0000000000001758      0x63c ./obj/avr/atmega1284p/gcc/nlfs_eeprom.cpp.o
                                        0x960 (size before relaxing)
 .stab          0x0000000000001d94      0x558 ./obj/avr/atmega1284p/gcc/led.cpp.o
                                        0x5f4 (size before relaxing)
 .stab          0x00000000000022ec      0x57c ./obj/avr/atmega1284p/gcc/button.cpp.o
                                        0x588 (size before relaxing)
 .stab          0x0000000000002868      0x99c ./obj/avr/atmega1284p/gcc/bsp_buttons.cpp.o
                                        0xa5c (size before relaxing)
 .stab          0x0000000000003204      0x7a4 ./obj/avr/atmega1284p/gcc/bsp_heap.cpp.o
                                        0x840 (size before relaxing)
 .stab          0x00000000000039a8      0x720 ./obj/avr/atmega1284p/gcc/bsp_leds.cpp.o
                                        0x72c (size before relaxing)
 .stab          0x00000000000040c8      0xc30 ./obj/avr/atmega1284p/gcc/bsp_rtc.cpp.o
                                        0xcd8 (size before relaxing)
 .stab          0x0000000000004cf8      0xa68 ./obj/avr/atmega1284p/gcc/bsp_tracelogger.cpp.o
                                        0xa74 (size before relaxing)
 .stab          0x0000000000005760      0x8e8 ./obj/avr/atmega1284p/gcc/bsp_uarts.cpp.o
                                        0x8f4 (size before relaxing)
 .stab          0x0000000000006048      0xa74 /home/moslevin/mark3-source/embedded/stage/lib/avr/atmega1284p/gcc/libmark3.a(driver.cpp.o)
                                        0xa80 (size before relaxing)
 .stab          0x0000000000006abc      0xa8c /home/moslevin/mark3-source/embedded/stage/lib/avr/atmega1284p/gcc/libmark3.a(ll.cpp.o)
                                        0xaf8 (size before relaxing)
 .stab          0x0000000000007548      0x99c /home/moslevin/mark3-source/embedded/stage/lib/avr/atmega1284p/gcc/libmark3.a(scheduler.cpp.o)
                                        0x9a8 (size before relaxing)
 .stab          0x0000000000007ee4      0xca8 /home/moslevin/mark3-source/embedded/stage/lib/avr/atmega1284p/gcc/libmark3.a(ksemaphore.cpp.o)
                                        0xe10 (size before relaxing)
 .stab          0x0000000000008b8c      0xf6c /home/moslevin/mark3-source/embedded/stage/lib/avr/atmega1284p/gcc/libmark3.a(thread.cpp.o)
                                       0x1848 (size before relaxing)
 .stab          0x0000000000009af8      0xa08 /home/moslevin/mark3-source/embedded/stage/lib/avr/atmega1284p/gcc/libmark3.a(threadlist.cpp.o)
                                        0xa98 (size before relaxing)
 .stab          0x000000000000a500      0x804 /home/moslevin/mark3-source/embedded/stage/lib/avr/atmega1284p/gcc/libmark3.a(kernel.cpp.o)
                                        0x810 (size before relaxing)
 .stab          0x000000000000ad04      0x894 /home/moslevin/mark3-source/embedded/stage/lib/avr/atmega1284p/gcc/libmark3.a(timer.cpp.o)
                                        0xab0 (size before relaxing)
 .stab          0x000000000000b598      0xb7c /home/moslevin/mark3-source/embedded/stage/lib/avr/atmega1284p/gcc/libmark3.a(timerlist.cpp.o)
                                        0xb88 (size before relaxing)
 .stab          0x000000000000c114      0x66c /home/moslevin/mark3-source/embedded/stage/lib/avr/atmega1284p/gcc/libmark3.a(tracebuffer.cpp.o)
                                        0x8ac (size before relaxing)
 .stab          0x000000000000c780      0xa2c /home/moslevin/mark3-source/embedded/stage/lib/avr/atmega1284p/gcc/libmark3.a(threadport.cpp.o)
                                        0xa38 (size before relaxing)
 .stab          0x000000000000d1ac      0x6e4 /home/moslevin/mark3-source/embedded/stage/lib/avr/atmega1284p/gcc/libmark3.a(kernelswi.cpp.o)
                                        0x768 (size before relaxing)
 .stab          0x000000000000d890      0x960 /home/moslevin/mark3-source/embedded/stage/lib/avr/atmega1284p/gcc/libmark3.a(kerneltimer.cpp.o)
                                        0xa68 (size before relaxing)
 .stab          0x000000000000e1f0      0x768 /home/moslevin/mark3-source/embedded/stage/lib/avr/atmega1284p/gcc/libmark3.a(kernelprofile.cpp.o)
                                        0x8c4 (size before relaxing)
 .stab          0x000000000000e958      0x75c /home/moslevin/mark3-source/embedded/stage/lib/avr/atmega1284p/gcc/libmark3.a(blocking.cpp.o)
                                        0x804 (size before relaxing)
 .stab          0x000000000000f0b4      0x894 /home/moslevin/mark3-source/embedded/stage/lib/avr/atmega1284p/gcc/libmark3.a(message.cpp.o)
                                        0xdc8 (size before relaxing)
 .stab          0x000000000000f948      0x8ac /home/moslevin/mark3-source/embedded/stage/lib/avr/atmega1284p/gcc/libmark3.a(priomap.cpp.o)
                                        0x8b8 (size before relaxing)
 .stab          0x00000000000101f4      0x954 /home/moslevin/mark3-source/embedded/stage/lib/avr/atmega1284p/gcc/libmark3.a(quantum.cpp.o)
                                        0x960 (size before relaxing)
 .stab          0x0000000000010b48     0x1278 /home/moslevin/mark3-source/embedded/stage/lib/avr/atmega1284p/gcc/libdrvUART.a(drvUART.cpp.o)
                                       0x1284 (size before relaxing)
 .stab          0x0000000000011dc0      0xba0 /home/moslevin/mark3-source/embedded/stage/lib/avr/atmega1284p/gcc/librtc.a(rtc.cpp.o)
                                        0xc48 (size before relaxing)
 .stab          0x0000000000012960      0x8d0 /home/moslevin/mark3-source/embedded/stage/lib/avr/atmega1284p/gcc/libmemutil.a(memutil.cpp.o)
                                       0x1380 (size before relaxing)
 .stab          0x0000000000013230      0xb1c /home/moslevin/mark3-source/embedded/stage/lib/avr/atmega1284p/gcc/libheap.a(arena.cpp.o)
                                       0x11ac (size before relaxing)
 .stab          0x0000000000013d4c      0x8e8 /home/moslevin/mark3-source/embedded/stage/lib/avr/atmega1284p/gcc/libheap.a(heapblock.cpp.o)
                                        0xd20 (size before relaxing)
 .stab          0x0000000000014634      0x108 /usr/lib/gcc/avr/4.8.2/../../../avr/lib/avr51/libc.a(eerd_block_atmega1284p.o)
                                        0x114 (size before relaxing)
 .stab          0x000000000001473c       0x9c /usr/lib/gcc/avr/4.8.2/../../../avr/lib/avr51/libc.a(eewr_block_atmega1284p.o)
                                         0xa8 (size before relaxing)
 .stab          0x00000000000147d8       0xe4 /usr/lib/gcc/avr/4.8.2/../../../avr/lib/avr51/libc.a(eewr_byte_atmega1284p.o)
                                         0xf0 (size before relaxing)

.stabstr        0x0000000000000000    0x37494
 *(.stabstr)
 .stabstr       0x0000000000000000    0x37494 /usr/lib/gcc/avr/4.8.2/../../../avr/lib/avr51/crtm1284p.o

.stab.excl
 *(.stab.excl)

.stab.exclstr
 *(.stab.exclstr)

.stab.index
 *(.stab.index)

.stab.indexstr
 *(.stab.indexstr)

.comment        0x0000000000000000       0x11
 *(.comment)
 .comment       0x0000000000000000       0x11 ./obj/avr/atmega1284p/gcc/main.cpp.o
                                         0x12 (size before relaxing)
 .comment       0x0000000000000000       0x12 ./obj/avr/atmega1284p/gcc/nlfs_eeprom.cpp.o
 .comment       0x0000000000000000       0x12 ./obj/avr/atmega1284p/gcc/led.cpp.o
 .comment       0x0000000000000000       0x12 ./obj/avr/atmega1284p/gcc/button.cpp.o
 .comment       0x0000000000000000       0x12 ./obj/avr/atmega1284p/gcc/bsp_buttons.cpp.o
 .comment       0x0000000000000000       0x12 ./obj/avr/atmega1284p/gcc/bsp_heap.cpp.o
 .comment       0x0000000000000000       0x12 ./obj/avr/atmega1284p/gcc/bsp_leds.cpp.o
 .comment       0x0000000000000000       0x12 ./obj/avr/atmega1284p/gcc/bsp_rtc.cpp.o
 .comment       0x0000000000000000       0x12 ./obj/avr/atmega1284p/gcc/bsp_tracelogger.cpp.o
 .comment       0x0000000000000000       0x12 ./obj/avr/atmega1284p/gcc/bsp_uarts.cpp.o
 .comment       0x0000000000000000       0x12 /home/moslevin/mark3-source/embedded/stage/lib/avr/atmega1284p/gcc/libmark3.a(driver.cpp.o)
 .comment       0x0000000000000000       0x12 /home/moslevin/mark3-source/embedded/stage/lib/avr/atmega1284p/gcc/libmark3.a(ll.cpp.o)
 .comment       0x0000000000000000       0x12 /home/moslevin/mark3-source/embedded/stage/lib/avr/atmega1284p/gcc/libmark3.a(scheduler.cpp.o)
 .comment       0x0000000000000000       0x12 /home/moslevin/mark3-source/embedded/stage/lib/avr/atmega1284p/gcc/libmark3.a(ksemaphore.cpp.o)
 .comment       0x0000000000000000       0x12 /home/moslevin/mark3-source/embedded/stage/lib/avr/atmega1284p/gcc/libmark3.a(thread.cpp.o)
 .comment       0x0000000000000000       0x12 /home/moslevin/mark3-source/embedded/stage/lib/avr/atmega1284p/gcc/libmark3.a(threadlist.cpp.o)
 .comment       0x0000000000000000       0x12 /home/moslevin/mark3-source/embedded/stage/lib/avr/atmega1284p/gcc/libmark3.a(kernel.cpp.o)
 .comment       0x0000000000000000       0x12 /home/moslevin/mark3-source/embedded/stage/lib/avr/atmega1284p/gcc/libmark3.a(timer.cpp.o)
 .comment       0x0000000000000000       0x12 /home/moslevin/mark3-source/embedded/stage/lib/avr/atmega1284p/gcc/libmark3.a(timerlist.cpp.o)
 .comment       0x0000000000000000       0x12 /home/moslevin/mark3-source/embedded/stage/lib/avr/atmega1284p/gcc/libmark3.a(tracebuffer.cpp.o)
 .comment       0x0000000000000000       0x12 /home/moslevin/mark3-source/embedded/stage/lib/avr/atmega1284p/gcc/libmark3.a(threadport.cpp.o)
 .comment       0x0000000000000000       0x12 /home/moslevin/mark3-source/embedded/stage/lib/avr/atmega1284p/gcc/libmark3.a(kernelswi.cpp.o)
 .comment       0x0000000000000000       0x12 /home/moslevin/mark3-source/embedded/stage/lib/avr/atmega1284p/gcc/libmark3.a(kerneltimer.cpp.o)
 .comment       0x0000000000000000       0x12 /home/moslevin/mark3-source/embedded/stage/lib/avr/atmega1284p/gcc/libmark3.a(kernelprofile.cpp.o)
 .comment       0x0000000000000000       0x12 /home/moslevin/mark3-source/embedded/stage/lib/avr/atmega1284p/gcc/libmark3.a(blocking.cpp.o)
 .comment       0x0000000000000000       0x12 /home/moslevin/mark3-source/embedded/stage/lib/avr/atmega1284p/gcc/libmark3.a(message.cpp.o)
 .comment       0x0000000000000000       0x12 /home/moslevin/mark3-source/embedded/stage/lib/avr/atmega1284p/gcc/libmark3.a(priomap.cpp.o)
 .comment       0x0000000000000000       0x12 /home/moslevin/mark3-source/embedded/stage/lib/avr/atmega1284p/gcc/libmark3.a(quantum.cpp.o)
 .comment       0x0000000000000000       0x12 /home/moslevin/mark3-source/embedded/stage/lib/avr/atmega1284p/gcc/libdrvUART.a(drvUART.cpp.o)
 .comment       0x0000000000000000       0x12 /home/moslevin/mark3-source/embedded/stage/lib/avr/atmega1284p/gcc/librtc.a(rtc.cpp.o)
 .comment       0x0000000000000000       0x12 /home/moslevin/mark3-source/embedded/stage/lib/avr/atmega1284p/gcc/libmemutil.a(memutil.cpp.o)
 .comment       0x0000000000000000       0x12 /home/moslevin/mark3-source/embedded/stage/lib/avr/atmega1284p/gcc/libheap.a(arena.cpp.o)
 .comment       0x0000000000000000       0x12 /home/moslevin/mark3-source/embedded/stage/lib/avr/atmega1284p/gcc/libheap.a(heapblock.cpp.o)

.debug
 *(.debug)

.line
 *(.line)

.debug_srcinfo
 *(.debug_srcinfo)

.debug_sfnames
 *(.debug_sfnames)

.debug_aranges
 *(.debug_aranges)

.debug_pubnames
 *(.debug_pubnames)

.debug_info
 *(.debug_info)
 *(.gnu.linkonce.wi.*)

.debug_abbrev
 *(.debug_abbrev)

.debug_line
 *(.debug_line)

.debug_frame
 *(.debug_frame)

.debug_str
 *(.debug_str)

.debug_loc
 *(.debug_loc)

.debug_macinfo
 *(.debug_macinfo)

.debug_pubtypes
 *(.debug_pubtypes)

.debug_ranges
 *(.debug_ranges)

.debug_macro
 *(.debug_macro)
OUTPUT(./obj/avr/atmega1284p/gcc/mark3no.elf elf32-avr)
LOAD linker stubs
